// Vitest Snapshot v1, https://vitest.dev/guide/snapshot.html

exports[`LocationCard > render LocationCard with mock response 1`] = `
<div>
  <div
    class="card"
    style="background-color: white;"
  >
    <div
      class="card-content"
    >
      <div
        class="header-section"
      >
        <p
          class="location-text"
        >
          Laster...
        </p>
        <p
          class="type-text"
        >
          <svg
            aria-hidden="true"
            class="svg-inline--fa fa-location-dot "
            data-icon="location-dot"
            data-prefix="fas"
            focusable="false"
            role="img"
            style="margin-right: 5px;"
            viewBox="0 0 384 512"
            xmlns="http://www.w3.org/2000/svg"
          >
            <path
              d="M215.7 499.2C267 435 384 279.4 384 192C384 86 298 0 192 0S0 86 0 192c0 87.4 117 243 168.3 307.2c12.3 15.3 35.1 15.3 47.4 0zM192 128a64 64 0 1 1 0 128 64 64 0 1 1 0-128z"
              fill="currentColor"
            />
          </svg>
          , 
        </p>
      </div>
      <div
        class="wave-section"
        style="background-color: white;"
      >
        <div
          style="background: url(data:image/svg+xml;utf8,%3Csvg%20viewBox%3D%220%200%201000%20126%22%20xmlns%3D%22http%3A%2F%2Fwww.w3.org%2F2000%2Fsvg%22%3E%3Cpath%20d%3D%22M0%2042.9533C178.148%20-12.5894%20287.4%20-13.7474%20500%2042.9533C682.727%2088.1203%20798.763%2097.7368%201000%2042.9533V125.861H0V42.9533Z%22%20fill%3D%22white%22%3E%3C%2Fpath%3E%3C%2Fsvg%3E); position: relative; bottom: 0px; width: 100%; height: 30px; background-size: 300px 40px; animation: wave 21s linear infinite reverse; opacity: 1;"
        />
        <div
          class="description-section positive-temperature"
        >
          <div
            class="loading"
          />
          <div
            style="display: flex; align-items: center;"
          >
            <svg
              aria-hidden="true"
              class="svg-inline--fa fa-temperature-three-quarters "
              data-icon="temperature-three-quarters"
              data-prefix="fas"
              focusable="false"
              role="img"
              style="margin-right: 5px;"
              viewBox="0 0 320 512"
              xmlns="http://www.w3.org/2000/svg"
            >
              <path
                d="M160 64c-26.5 0-48 21.5-48 48V276.5c0 17.3-7.1 31.9-15.3 42.5C86.2 332.6 80 349.5 80 368c0 44.2 35.8 80 80 80s80-35.8 80-80c0-18.5-6.2-35.4-16.7-48.9c-8.2-10.6-15.3-25.2-15.3-42.5V112c0-26.5-21.5-48-48-48zM48 112C48 50.2 98.1 0 160 0s112 50.1 112 112V276.5c0 .1 .1 .3 .2 .6c.2 .6 .8 1.6 1.7 2.8c18.9 24.4 30.1 55 30.1 88.1c0 79.5-64.5 144-144 144S16 447.5 16 368c0-33.2 11.2-63.8 30.1-88.1c.9-1.2 1.5-2.2 1.7-2.8c.1-.3 .2-.5 .2-.6V112zM208 368c0 26.5-21.5 48-48 48s-48-21.5-48-48c0-20.9 13.4-38.7 32-45.3V144c0-8.8 7.2-16 16-16s16 7.2 16 16V322.7c18.6 6.6 32 24.4 32 45.3z"
                fill="currentColor"
              />
            </svg>
            <p
              style="color: rgb(136, 136, 136);"
            >
              Laster...
            </p>
          </div>
        </div>
      </div>
    </div>
  </div>
</div>
`;
