// Vitest Snapshot v1, https://vitest.dev/guide/snapshot.html

exports[`Popup > should render correctly 1`] = `
<div>
  <div
    class="popup show"
  >
    <div
      class="popup-content"
    >
      <p>
        test
      </p>
    </div>
  </div>
</div>
`;
